<form role="form" name="f0" novalidate ng-init="f0.sent = false;" ng-submit="f0.sent = true; f0.$setPristine(); f0.$valid && submit();" autocomplete="off">
<fieldset>

  <div class="form-group">

    <div>
      <input type="text" placeholder="" class="form-control" name="foo" id="foo" ng-model="data.foo">
    </div>

  </div>

</fieldset>
</form>
