<form role="form" name="foobarbaz" novalidate ng-init="foobarbaz.sent = false;" autocomplete="off">
<fieldset>

  <div class="form-group">

    <div>
      <input type="text" placeholder="" class="form-control" name="foo" id="foo" ng-model="data.foo">
    </div>

  </div>

</fieldset>
</form>
