<form role="form" name="f3" novalidate ng-init="f3.sent = false;" autocomplete="off">

  <div class="form-group">

    <div>
      <input type="text" placeholder="" class="form-control" name="foo" id="foo" ng-model="data.foo">
    </div>

  </div>

</form>
